// Jest Snapshot v1, https://goo.gl/fbAQLP

exports[`<CommentControls>  <CommentControls> snapshot  1`] = `
<CommentControls
  classes={
    Object {
      "actions": "CommentControls-actions-1",
      "avatar": "CommentControls-avatar-2",
      "cardActionBtn": "CommentControls-cardActionBtn-3",
      "cardActionIcon": "CommentControls-cardActionIcon-4",
    }
  }
/>
`;
